// Jest Snapshot v1, https://goo.gl/fbAQLP

exports[`<Jokes /> should render without crashing 1`] = `ShallowWrapper {}`;
